\x1b[0m\x1b[40m\n
\x1b[0m\x1b[40m┌───────────────────────────────────────────────────────────────┐\x1b[0m\n
\x1b[0m\x1b[40m│ \x1b[32mBox-drawing demo\x1b[0m                                                │\x1b[0m\n
\x1b[0m\x1b[40m│                                                               │\x1b[0m\n
\x1b[0m\x1b[40m│  ┌──────────┐   ┌────────────┐   ┌──────────┐                │\x1b[0m\n
\x1b[0m\x1b[40m│  │ \x1b[31mRED\x1b[0m     │   │ \x1b[33mYELLOW\x1b[0m     │   │ \x1b[34mBLUE\x1b[0m     │                │\x1b[0m\n
\x1b[0m\x1b[40m│  └──────────┘   └────────────┘   └──────────┘                │\x1b[0m\n
\x1b[0m\x1b[40m│                                                               │\x1b[0m\n
\x1b[0m\x1b[40m│  ┌─────────────────────────────────────────────────────────┐  │\x1b[0m\n
\x1b[0m\x1b[40m│  │  Lines: ─ │ ── │ ─── │ ──── │ ───── │ ──────          │  │\x1b[0m\n
\x1b[0m\x1b[40m│  │  Corners: ┌ ┐ └ ┘  Cross: ┼  Tees: ├ ┤ ┬ ┴           │  │\x1b[0m\n
\x1b[0m\x1b[40m│  └─────────────────────────────────────────────────────────┘  │\x1b[0m\n
\x1b[0m\x1b[40m│                                                               │\x1b[0m\n
\x1b[0m\x1b[40m└───────────────────────────────────────────────────────────────┘\x1b[0m\n
