\x1b[0m\n
         \x1b[32m██\x1b[0m       \x1b[32m██\x1b[0m\n
       \x1b[32m████\x1b[0m     \x1b[32m████\x1b[0m\n
      \x1b[32m██████\x1b[0m \x1b[32m██████\x1b[0m\n
      \x1b[32m██\x1b[0m \x1b[32m████████\x1b[0m \x1b[32m██\x1b[0m\n
      \x1b[32m██████████████\x1b[0m\n
     \x1b[32m██\x1b[0m \x1b[32m██\x1b[0m      \x1b[32m██\x1b[0m \x1b[32m██\x1b[0m\n
    \x1b[32m██\x1b[0m  \x1b[32m██\x1b[0m      \x1b[32m██\x1b[0m  \x1b[32m██\x1b[0m\n
